I'm sorry, but errors were detected in your script. Please correct the
errors listed below, and try again.


File "game/screens.rpy", line 706: The has statement is not allowed here.
    has vbox
       ^

Ren'Py Version: Ren'Py 7.2.1.457
Mon Apr 01 20:15:45 2019
